Testing model: gemini-1.5-flash-latest
node : FAILURE 
[gemini-1.5-flash-latest]: 
[GoogleGenerativeAI Error]: 
Error fetching from https://g
enerativelanguage.googleapis.
com/v1beta/models/gemini-1.5-
flash-latest:generateContent:
 [404 Not Found] models/gemin
i-1.5-flash-latest is not 
found for API version 
v1beta, or is not supported 
for generateContent. Call 
ListModels to see the list 
of available models and 
their supported methods.
At line:1 char:1
+ node test-ai.js > 
test-results.txt 2>&1
+ ~~~~~~~~~~~~~~~~~~~~~~~~~~~
~~~~~~~~~~~~
    + CategoryInfo           
   : NotSpecified: (FAILURE  
   [gemini...ported method   
 s.:String) [], RemoteExc    
eption
    + FullyQualifiedErrorId  
   : NativeCommandError
 
Testing model: gemini-1.5-pro-latest
FAILURE 
[gemini-1.5-pro-latest]: 
[GoogleGenerativeAI Error]: 
Error fetching from https://g
enerativelanguage.googleapis.
com/v1beta/models/gemini-1.5-
pro-latest:generateContent: 
[404 Not Found] 
models/gemini-1.5-pro-latest 
is not found for API version 
v1beta, or is not supported 
for generateContent. Call 
ListModels to see the list 
of available models and 
their supported methods.
Testing model: gemini-1.0-pro-latest
FAILURE 
[gemini-1.0-pro-latest]: 
[GoogleGenerativeAI Error]: 
Error fetching from https://g
enerativelanguage.googleapis.
com/v1beta/models/gemini-1.0-
pro-latest:generateContent: 
[404 Not Found] 
models/gemini-1.0-pro-latest 
is not found for API version 
v1beta, or is not supported 
for generateContent. Call 
ListModels to see the list 
of available models and 
their supported methods.
Testing model: gemini-1.5-flash
FAILURE [gemini-1.5-flash]: 
[GoogleGenerativeAI Error]: 
Error fetching from https://g
enerativelanguage.googleapis.
com/v1beta/models/gemini-1.5-
flash:generateContent: [404 
Not Found] 
models/gemini-1.5-flash is 
not found for API version 
v1beta, or is not supported 
for generateContent. Call 
ListModels to see the list 
of available models and 
their supported methods.
Testing model: gemini-1.5-pro
FAILURE [gemini-1.5-pro]: 
[GoogleGenerativeAI Error]: 
Error fetching from https://g
enerativelanguage.googleapis.
com/v1beta/models/gemini-1.5-
pro:generateContent: [404 
Not Found] 
models/gemini-1.5-pro is not 
found for API version 
v1beta, or is not supported 
for generateContent. Call 
ListModels to see the list 
of available models and 
their supported methods.
Testing model: gemini-pro
FAILURE [gemini-pro]: 
[GoogleGenerativeAI Error]: 
Error fetching from https://g
enerativelanguage.googleapis.
com/v1beta/models/gemini-pro:
generateContent: [404 Not 
Found] models/gemini-pro is 
not found for API version 
v1beta, or is not supported 
for generateContent. Call 
ListModels to see the list 
of available models and 
their supported methods.
